STAz F3
PLA
STAz F1
PLA
STAz EF
STAz FA
PLA
STAz F0
STAz FB
STYz F4
STXz F5
TSX
STXz F2
LDXim 01
STXz FF
JMP 1C33
LDAim 1E
STA 1A83
LDAim 04
STAz F1
LDAim 03
STAz FF
STAz F6
LDXim FF
TXS
JMP 1E86

JSR 1D88
BNE FB
JSR 1D88
BEQ FB
JSR 1D88
BEQ F6
JSR 1DF9
CMPim 13
BNE 13
LDXz F2
TXS
LDAz FB
PHA
LDAz FA
PHA
LDAz F1
PHA
LDXz F5
LDYz F4
LDAz F3
RTI
CMPim 10
BNE 06
LDAim 03
STAz FF
BNE 14
CMPim 11
BNE 06
LDAim 00
STAz FF
BEQ 0A
CMPim 12
BNE 09
INCz FA
BNE 02
INCz FB
JMP 1C33
CMPim 14
BNE 0B
LDAz EF
STAz FA
LDAz F0
STAz FB
JMP 1C7A
CMPim 15
BPL EA
STAz E1
LDYz FF
BNE 0D
LDAiy FA
ASLa
ASLa
ASLa
ASLa
ORAz E1
STAiy FA
JMP 1C7A
LDXim 04
ASLz FA
ROLz FB
DEX
BNE F9
LDAz FA
ORAz E1
STAz FA
JMP 1C7A






JSR 1FEE
LDAim 20
LDYim 00
BIT 1600
BPL FB
BEQ 15
BCS 13
LDAiy EA
STA 1601
INY
BEQ 0E
LDAim 20
BIT 1600
BPL FB
BNE EF
STYz EC
JMP 1FDD
INCz EB
INCz ED
JMP 1CD3






JSR 1FEE
LDAim 20
LDYim 00
BIT 1600
BPL FB
BEQ 17
BVC 15
LDA 1601
CMPiy EA
BNE 18
INY
BEQ 0E
LDAim 20
BIT 1600
BPL FB
BNE ED
STYz EC
JMP 1FDD
INCz EB
INCz ED
JMP 1D08
LDAim 01
STAz EE
JMP 1D05









































LDXim 02
LDYim 00
LDAiy E6
STAzx F9
INY
DEX
BPL F8
JSR 1E5C
JSR 1D8E
BNE FB
JSR 1D8E
BEQ FB
JSR 1D8E
BEQ F6
JSR 1DF9
RTS
JSR 1D5C
CMPim 10
BPL 11
ASLa
ASLa
ASLa
ASLa
STAz FE
JSR 1D5C
CMPim 10
BPL 04
ORAz FE
LDXim FF
RTS
LDYim 00
LDAiy FA
STAz F9
LDAim 7F
STA 1A81
LDXim 08
LDYz F6
LDAz FB
JSR 1DCC
DEY
BEQ 0D
LDAz FA
JSR 1DCC
DEY
BEQ 05
LDAz F9
JSR 1DCC
LDAim 00
STA 1A81
LDYim 03
LDXim 00
LDAim FF
STX 1A82
INX
INX
AND 1A80
DEY
BNE F5
LDYim 06
STY 1A82
ORAim 80
EORim FF
RTS
PHA
STYz FC
LSRa
LSRa
LSRa
LSRa
JSR 1DDF
PLA
ANDim 0F
JSR 1DDF
LDYz FC
RTS
TAY
LDAy 1F0F
STA 1A80
STX 1A82
LDYim 7F
DEY
BPL FD
STY 1A80
LDYim 06
STY 1A82
INX
INX
RTS
LDXim 21
LDYim 01
JSR 1DB5
BNE 07
CPXim 27
BNE F5
LDAim 15
RTS
LDYim FF
ASLa
BCS 03
INY
BPL FA
TXAa
ANDim 0F
LSRa
TAX
TYA
BPL 03
CLC
ADCim 07
DEX
BNE FA
RTS



LDAim 20
LDYim 00
BIT 1600
BPL FB
BEQ 15
BVC 13
LDA 1601
STAiy EA
INY
BEQ 0C
LDAim 20
BIT 1600
BPL FB
BNE EF
STYz EC
RTS
INCz EB
INCz ED
JMP 1E38

















LDYim 00
LDAiy E6
LDYim 01
CMPim 00
BEQ 1A
CMPim 40
BEQ 16
CMPim 60
BEQ 12
LDYim 03
CMPim 20
BEQ 0C
ANDim 1F
CMPim 19
BEQ 06
ANDim 0F
TAX
LDYx 1F1F
STYz F6
RTS



STXz F2
CLD
SEI
JSR 1D88
BNE 03
JMP 1C33
JSR 1D61
CMPim 00
BNE 08
LDAim 01
STA FFF8
JMP 2F00
CMPim 01
BNE 08
LDAim 01
STA FFF9
JMP 4000
CMPim 0D
BNE 08
LDAim 01
STA FFF9
JMP 4F30
CMPim 0F
BNE 08
LDAim 01
STA FFF9
JMP 5000
JMP 1C33











LDAz E2
STAz E6
LDAz E3
STAz E7
RTS
CLC
LDAz E8
ADCz F6
STAz E8
LDAz E9
ADCim 00
STAz E9
RTS
SEC
LDAz E8
SBCz F6
STAz E8
LDAz E9
SBCim 00
STAz E9
RTS
CLC
LDAz E6
ADCz F6
STAz E6
LDAz E7
ADCim 00
STAz E7
SEC
LDAz E6
SBCz E8
LDAz E7
SBCz E9
RTS
RTI
ADCy 3024
ORAy 0212
SEI
BRK
BPL 08

LSRz 21
ASLz 0E



ORAix 02


ORAix 01

ORAix 01




JMPi 1A7A
JMPi 1A7E








JSR 1FEE
DEY
BMI 1A
LDAiy 9A
CMPim 20
BEQ F7
STYz 4D
LDAiy 9A
STAiy 66
DEY
BPL F9
SEC
LDAz 66
ADCz 4D
STAz 66
BCC 02
INCz 67
JMP 1FDD


JSR 1FEE
DEY
BMI 06
LDAiy 9A
CMPim 20
BEQ F7
JMP 1FDD


JSR 1FEE
INY
BNE 02
INCz 2F
LDAiy 2E
CMPim 1D
BNE F5
JMP 1FDD


JSR 1FEE
JSR 1190
JMP 1FDD


JSR 1FEE
LDAiy 9A
TAX
JMP 1FDD


JSR 1FEE
LDAiy 60
TAX
JMP 1FDD





LDAz E2
LDXz E3
STAz FA
STXz FB
LDAim 01
STA FFF8
JMP 2F00




JSR 1FD4
LDAiy 60
TAX
LDA 1A08
ASLa
ROLa
STA FFFF
RORa
RORa
JMP 1FE0



LDA 1A09
JMP 1FC7



LDA 1A08
STA FFF8
LSRa
STA FFF9
LSRa
STA FFFA
RTS


LDAim 00
STA FFF8
STA FFF9
STA FFFA
RTS


ORAx 321C

