LDAim 01
STA 1A82
LDAim 1F
STA 1A83
JSR 0264
JSR 0264
LDAim 00
STAz A0
LDAim 02
STAz A1
LDAim 07
JSR 1FC7
LDXim 40
STXz A2
JSR 0280
ASLz A2
JSR 0280
INCz A0
BNE F0
INCz A1
BPL EC
JMP 1C1D












































LDAim 00
BEQ 02
LDAim 01
STA 1A82
LDXim 24
DEX
BNE FD
RTS

















JSR 0260
JSR 0264
NOP
NOP
LDYim 00
LDAiy A0
LDYz A2
BMI 07
LSRa
NOP
NOP
NOP
NOP
NOP
NOP
ANDim 7F
EORim FF
LDYim 08
JSR 0266
LSRa
DEY
BNE F9
NOP
NOP
JSR 0264
JSR 0264
RTS



















































































LDYim 00
LDAim 80
STYz E2
STAz E3
LDA 1A82
BPL FB
LDAim 80
LDXim 3C
DEX
BNE FD
PHA
LDA 1A82
EORim 80
ASLa
PLA
RORa
LDXim 28
BCC F0
DEX
BNE FD
LDYim 00
STAiy E2
INCz E2
BNE 02
INCz E3
LDYz E3
CPYim F0
BNE D4
JMP 1C1D









































































ORAz 07
ASLa
ORA 1210

ASLzx 18

ORAx 211F
BITz 26
ANDim 2B
AND 312F



ORAix 02























BRK
BRK
BRK
BRK
BRK
BRK
BRK
BRK
BRK
BRK
BRK
BRK
BRK
BRK
BRK
BRK
BRK
BRK
BRK
BRK
BRK
BRK
BRK
BRK
BRK
























































BRK

BRK

BRK

BRK
























































































































































































































































ORAz 05
ORAz 05
ORAz 05
ORAz 05
ORAz 05
ORAz 05
ORAz 05
ORAz 05
ORAz 05
ORAz 05
ORAz 05
ORAz 05
ORAz 05
ORAz 05
ORAz 05
ORAz 05
ORAz 05
ORAz 05
ORAz 05
ORAz 05
ORAz 05
ORAz 05
ORAz 05
ORAz 05
ORAz 05
ORAz 05
ORAz 05
ORAz 05
ORAz 05
ORAz 05
ORAz 05
ORAz 05
ORAz 05
ORAz 05
ORAz 05
ORAz 05
ORAz 05
ORAz 05
ORAz 05
ORAz 05
ORAz 05
ORAz 05
ORAz 05
ORAz 05
ORAz 05
ORAz 05
ORAz 05
ORAz 05
ORAz 05
ORAz 05
ORAz 05
ORAz 05
ORAz 05
ORAz 05
ORAz 05
ORAz 05
ORAz 05
ORAz 05
ORAz 05
ORAz 05
ORAz 05
ORAz 05
ORAz 05
ORAz 05
ORAz 05
ORAz 05
ORAz 05
ORAz 05
ORAz 05
ORAz 05
ORAz 05
ORAz 05
ORAz 05
ORAz 05
ORAz 05
ORAz 05
ORAz 05
ORAz 05
ORAz 05
ORAz 05
ORAz 05
ORAz 05
ORAz 05
ORAz 05
ORAz 05
ORAz 05
ORAz 05
ORAz 05
ORAz 05
ORAz 05
ORAz 05
ORAz 05
ORAz 05
ORAz 05
ORAz 05
ORAz 05
ORAz 05
ORAz 05
ORAz 05
ORAz 05
ORAz 05
ORAz 05
ORAz 05
ORAz 05
ORAz 05
ORAz 05
ORAz 05
ORAz 05
ORAz 05
ORAz 05
ORAz 05
ORAz 05
ORAz 05
ORAz 05
ORAz 05
ORAz 05
ORAz 05
ORAz 05
ORAz 05
ORAz 05
ORAz 05
ORAz 05
ORAz 05
ORAz 05
ORAz 05
ORAz 05
ORAz 05
ORAz 05
ASLz 06
ASLz 06
ASLz 06
ASLz 06
ASLz 06
ASLz 06
ASLz 06
ASLz 06
ASLz 06
ASLz 06
ASLz 06
ASLz 06
ASLz 06
ASLz 06
ASLz 06
ASLz 06
ASLz 06
ASLz 06
ASLz 06
ASLz 06
ASLz 06
ASLz 06
ASLz 06
ASLz 06
ASLz 06
ASLz 06
ASLz 06
ASLz 06
ASLz 06
ASLz 06
ASLz 06
ASLz 06
ASLz 06
ASLz 06
ASLz 06
ASLz 06
ASLz 06
ASLz 06
ASLz 06
ASLz 06
ASLz 06
ASLz 06
ASLz 06
ASLz 06
ASLz 06
ASLz 06
ASLz 06
ASLz 06
ASLz 06
ASLz 06
ASLz 06
ASLz 06
ASLz 06
ASLz 06
ASLz 06
ASLz 06
ASLz 06
ASLz 06
ASLz 06
ASLz 06
ASLz 06
ASLz 06
ASLz 06
ASLz 06
ASLz 06
ASLz 06
ASLz 06
ASLz 06
ASLz 06
ASLz 06
ASLz 06
ASLz 06
ASLz 06
ASLz 06
ASLz 06
ASLz 06
ASLz 06
ASLz 06
ASLz 06
ASLz 06
ASLz 06
ASLz 06
ASLz 06
ASLz 06
ASLz 06
ASLz 06
ASLz 06
ASLz 06
ASLz 06
ASLz 06
ASLz 06
ASLz 06
ASLz 06
ASLz 06
ASLz 06
ASLz 06
ASLz 06
ASLz 06
ASLz 06
ASLz 06
ASLz 06
ASLz 06
ASLz 06
ASLz 06
ASLz 06
ASLz 06
ASLz 06
ASLz 06
ASLz 06
ASLz 06
ASLz 06
ASLz 06
ASLz 06
ASLz 06
ASLz 06
ASLz 06
ASLz 06
ASLz 06
ASLz 06
ASLz 06
ASLz 06
ASLz 06
ASLz 06
ASLz 06
ASLz 06
ASLz 06
ASLz 06
ASLz 06
































































































































































































































































BMI 32
BMI 30
JSR 4120
ANDy 3130
JSR 2020
JMPi 6164
ADCim 6D
JSR 2020
JSR 2020
JSR 2020
JSR 2020
JSR 2020
JSR 2020
JSR 2020
JSR 2020
JSR 2020
JSR 2020
JSR 2020
JSR 2020
JSR 2020
JSR 2020
JSR 2020
JSR 2020
JSR 2020
JSR 2020
JSR 2020
JSR 2020
JSR 3020

BMI 32
JSR 3820

SEC

ANDiy 41
JSR 7473
ADCix 20
JSR 2020
JSR 2020
JSR 2020
JSR 2020
JSR 2020
JSR 2020
JSR 2020
JSR 2020
JSR 2020
JSR 2020
JSR 2020
JSR 2020
JSR 2020
JSR 2020
JSR 2020
JSR 2020
JSR 2020
JSR 2020
JSR 2020
JSR 2020
JSR 2020
BMI 32
BMI 35
JSR 4120
ANDy 4631
JSR 2020
JMPi 6164
ADCim 6D
JSR 2020
JSR 2020
JSR 2020
JSR 2020
JSR 2020
JSR 2020
JSR 2020
JSR 2020
JSR 2020
JSR 2020
JSR 2020
JSR 2020
JSR 2020
JSR 2020
JSR 2020
JSR 2020
JSR 2020
JSR 2020
JSR 2020
JSR 2020
JSR 3020

BMI 37
JSR 3820

SEC

ANDiy 41
JSR 7473
ADCix 20
JSR 2020
JSR 2020
JSR 2020
JSR 2020
JSR 2020
JSR 2020
JSR 2020
JSR 2020
JSR 2020
JSR 2020
JSR 2020
JSR 2020
JSR 2020
JSR 2020
JSR 2020
JSR 2020
JSR 2020
JSR 2020
JSR 2020
JSR 2020
JSR 2020
BMI 32
BMI 41
JSR 3220
BMI 36

BMI 32
JSR 736A

JSR 2020
JSR 2020
JSR 2020
JSR 2020
JSR 2020
JSR 2020
JSR 2020
JSR 2020
JSR 2020
JSR 2020
JSR 2020
JSR 2020
JSR 2020
JSR 2020
JSR 2020
JSR 2020
JSR 2020
JSR 2020
JSR 2020
JSR 2020
JSR 2020
JSR 3230
BMI 44
JSR 3220
BMI 36

BMI 32
JSR 736A

JSR 2020
JSR 2020
JSR 2020
JSR 2020
JSR 2020
JSR 2020
JSR 2020
JSR 2020
JSR 2020
JSR 2020
JSR 2020
JSR 2020
JSR 2020
JSR 2020
JSR 2020
JSR 2020
JSR 2020
JSR 2020
JSR 2020
JSR 2020
JSR 2020
JSR 3230
ANDiy 30
JSR 4120
ANDy 3030
JSR 2020
JMPi 6164
ADCim 6D
JSR 2020
JSR 2020
JSR 2020
JSR 2020
JSR 2020
JSR 2020
JSR 2020
JSR 2020
JSR 2020
JSR 2020
JSR 2020
JSR 2020
JSR 2020
JSR 2020
JSR 2020
JSR 2020
JSR 2020
JSR 2020
JSR 2020
JSR 2020
JSR 3020

ANDiy 32
JSR 3820
ANDzx 41
BMI 20
JSR 7320

ADCix 7A
JSR 2020
JSR 2020
JSR 2020
JSR 2020
JSR 2020
JSR 2020
JSR 2020
JSR 2020
JSR 2020
JSR 2020
JSR 2020
JSR 2020
JSR 2020
JSR 2020
JSR 2020
JSR 2020
JSR 2020
JSR 2020
JSR 2020
JSR 2020
JSR 2020
BMI 32
ANDiy 34
JSR 4120
ANDy 3230
JSR 2020
JMPi 6164
ADCim 6D
JSR 2020
JSR 2020
JSR 2020
JSR 2020
JSR 2020
JSR 2020
JSR 2020
JSR 2020
JSR 2020
JSR 2020
JSR 2020
JSR 2020
JSR 2020
JSR 2020
JSR 2020
JSR 2020
JSR 2020
JSR 2020
JSR 2020
JSR 2020
JSR 3020

ANDiy 36
JSR 3820
ANDzx 41
ANDiy 20
JSR 7320

ADCix 7A
JSR 2020
JSR 2020
JSR 2020
JSR 2020
JSR 2020
JSR 2020
JSR 2020
JSR 2020
JSR 2020
JSR 2020
JSR 2020
JSR 2020
JSR 2020
JSR 2020
JSR 2020
JSR 2020
JSR 2020
JSR 2020
JSR 2020
JSR 2020
JSR 2020
BMI 32
ANDiy 38
JSR 4120
ANDy 3730
JSR 2020
JMPi 6164
ADCim 6D
JSR 2020
JSR 2020
JSR 2020
JSR 2020
JSR 2020
JSR 2020
JSR 2020
JSR 2020
JSR 2020
JSR 2020
JSR 2020
JSR 2020
JSR 2020
JSR 2020
JSR 2020
JSR 2020
JSR 2020
JSR 2020
JSR 2020
JSR 2020
JSR 3020

ANDiy 41
JSR 3220
BMI 43

ANDiy 46
JSR 736A

JSR 2020
JSR 2020
JSR 2020
JSR 2020
JSR 2020
JSR 2020
JSR 2020
JSR 2020
JSR 2020
JSR 2020
JSR 2020
JSR 2020
JSR 2020
JSR 2020
JSR 2020
JSR 2020
JSR 2020
JSR 2020
JSR 2020
JSR 2020
JSR 2020
JSR 3230
ANDiy 44
JSR 4120


BMI 20
JSR 6C20

SEI
ADCim 6D
JSR 2020
JSR 2020
JSR 2020
JSR 2020
JSR 2020
JSR 2020
JSR 2020
JSR 2020
JSR 2020
JSR 2020
JSR 2020
JSR 2020
JSR 2020
JSR 2020
JSR 2020
JSR 2020
JSR 2020
JSR 2020
JSR 2020
JSR 2020
JSR 3020

ANDiy 46
JSR 3820
ROLzx 41

JSR 2020


SEI

JSR 2020
JSR 2020
JSR 2020
JSR 2020
JSR 2020
JSR 2020
JSR 2020
JSR 2020
JSR 2020
JSR 2020
JSR 2020
JSR 2020
JSR 2020
JSR 2020
JSR 2020
JSR 2020
JSR 2020
JSR 2020
JSR 2020
JSR 2020
JSR 2020
BMI 32

ANDiy 20
JSR 3032
SEC
BMI 30

JSR 736A

JSR 2020
JSR 2020
JSR 2020
JSR 2020
JSR 2020
JSR 2020
JSR 2020
JSR 2020
JSR 2020
JSR 2020
JSR 2020
JSR 2020
JSR 2020
JSR 2020
JSR 2020
JSR 2020
JSR 2020
JSR 2020
JSR 2020
JSR 2020
JSR 2020
JSR 3230


JSR 3020
ROLzx 41

JSR 2020
ADCix 73
JMPi 207A
JSR 2020
JSR 2020
JSR 2020
JSR 2020
JSR 2020
JSR 2020
JSR 2020
JSR 2020
JSR 2020
JSR 2020
JSR 2020
JSR 2020
JSR 2020
JSR 2020
JSR 2020
JSR 2020
JSR 2020
JSR 2020
JSR 2020
JSR 2020
JSR 3020


ROLzx 20
JSR 3032
SEC
BMI 30

JSR 736A

JSR 2020
JSR 2020
JSR 2020
JSR 2020
JSR 2020
JSR 2020
JSR 2020
JSR 2020
JSR 2020
JSR 2020
JSR 2020
JSR 2020
JSR 2020
JSR 2020
JSR 2020
JSR 2020
JSR 2020
JSR 2020
JSR 2020
JSR 2020
JSR 2020
JSR 3230

ANDy 2020
EORz 36
EORix 30
JSR 2020
ADCim 6E


JSR 2020
JSR 2020
JSR 2020
JSR 2020
JSR 2020
JSR 2020
JSR 2020
JSR 2020
JSR 2020
JSR 2020
JSR 2020
JSR 2020
JSR 2020
JSR 2020
JSR 2020
JSR 2020
JSR 2020
JSR 2020
JSR 2020
JSR 2020
JSR 2020
BMI 32


JSR 4420
BMI 46
BMI 20
JSR 6220
ROR 2065
ANDiy 44
JSR 2020
JSR 2020
JSR 2020
JSR 2020
JSR 2020
JSR 2020
JSR 2020
JSR 2020
JSR 2020
JSR 2020
JSR 2020
JSR 2020
JSR 2020
JSR 2020
JSR 2020
JSR 2020
JSR 2020
JSR 2020
JSR 2020
JSR 2020
JSR 3230


JSR 4520
ROLzx 41
ANDiy 20
JSR 6920
ROR 7A63
JSR 2020
JSR 2020
JSR 2020
JSR 2020
JSR 2020
JSR 2020
JSR 2020
JSR 2020
JSR 2020
JSR 2020
JSR 2020
JSR 2020
JSR 2020
JSR 2020
JSR 2020
JSR 2020
JSR 2020
JSR 2020
JSR 2020
JSR 2020
JSR 2020
BMI 32

LSRz 20
JSR 3031
EORz 43
JSR 2020

BCS 6C
JSR 4431
JSR 2020
JSR 2020
JSR 2020
JSR 2020
JSR 2020
JSR 2020
JSR 2020
JSR 2020
JSR 2020
JSR 2020
JSR 2020
JSR 2020
JSR 2020
JSR 2020
JSR 2020
JSR 2020
JSR 2020
JSR 2020
JSR 2020
JSR 2020
JSR 3230

ANDiy 20
JSR 4334
ANDiy 44
ANDiy 43
JSR 6D6A
BCS 20
JSR 2020
JSR 2020
JSR 2020
JSR 2020
JSR 2020
JSR 2020
JSR 2020
JSR 2020
JSR 2020
JSR 2020
JSR 2020
JSR 2020
JSR 2020
JSR 2020
JSR 2020
JSR 2020
JSR 2020
JSR 2020
JSR 2020
JSR 2020
JSR 2020
BMI 32


JSR 4620
LSRz 32



JSR 2020
JSR 2020
JSR 2020
JSR 2020
JSR 2020
JSR 2020
JSR 2020
JSR 2020
JSR 2020
JSR 2020
JSR 2020
JSR 2020
JSR 2020
JSR 2020
JSR 2020
JSR 2020
JSR 2020
JSR 2020
JSR 2020
JSR 2020
JSR 2020
JSR 2020
JSR 3020



JSR 3020

EORix 30
JSR 2020
JSR 2020
JSR 2020
JSR 2020
JSR 2020
JSR 2020
JSR 2020
JSR 2020
JSR 2020
JSR 2020
JSR 2020
JSR 2020
JSR 2020
JSR 2020
JSR 2020
JSR 2020
JSR 2020
JSR 2020
JSR 2020
JSR 2020
JSR 2020
JSR 2020
JSR 2020
JSR 2020
JSR 2020
JSR 2020
JSR 2020
JSR 2020
JSR 2020
JSR 2020
JSR 2020
JSR 2020
JSR 2020
JSR 2020
JSR 2020
JSR 2020
JSR 3620
BMI 36
BMI 20
JSR 2020
JSR 2020
JSR 2020
JSR 2020
JSR 2020
JSR 2020
JSR 2020
JSR 2020
JSR 2020
JSR 2020
JSR 2020
JSR 2020
JSR 2020
JSR 2020
JSR 2020
JSR 2020
JSR 2020
JSR 2020
JSR 2020
JSR 2020
JSR 2020
JSR 2020
JSR 2020
JSR 2020
JSR 2020
JSR 2020
JSR 2020
JSR ??20
