0200: ------ serial.transmit to PC
0200: A901   LDAim 01
0202: 8D821A STA 1A82 PBD
0205: A91F   LDAim 1F
0207: 8D831A STA 1A83 PBDD
020A: 206402 JSR 0264 serial.sendHi/log0/Startbit
020D: 206402 JSR 0264 serial.sendHi/log0/Startbit
0210: A900   LDAim 00
0212: 85A0   STAz A0 serial.CurrentL
0214: A902   LDAim 02
0216: 85A1   STAz A1 serial.CurrentH
0218: A907   LDAim 07
021A: 20C71F JSR 1FC7 bios.activate EPROM bank and segments(AC)
021D: A240   LDXim 40
021F: 86A2   STXz A2 serial.CurrentHiOrLoBits
0221: 208002 JSR 0280 serial.send7BitWord
0224: 06A2   ASLz A2 serial.CurrentHiOrLoBits
0226: 208002 JSR 0280 serial.send7BitWord
0229: E6A0   INCz A0 serial.CurrentL
022B: D0F0   BNE -16>1D
022D: E6A1   INCz A1 serial.CurrentH
022F: 10EC   BPL -20>1D
0231: 4C1D1C JMP 1C1D monitor.RESET
0234: FF     
0235: FF     
0236: FF     
0237: FF     
0238: FF     
0239: FF     
023A: FF     
023B: FF     
023C: FF     
023D: FF     
023E: FF     
023F: FF     
0240: FF     
0241: FF     
0242: FF     
0243: FF     
0244: FF     
0245: FF     
0246: FF     
0247: FF     
0248: FF     
0249: FF     
024A: FF     
024B: FF     
024C: FF     
024D: FF     
024E: FF     
024F: FF     
0250: FF     
0251: FF     
0252: FF     
0253: FF     
0254: FF     
0255: FF     
0256: FF     
0257: FF     
0258: FF     
0259: FF     
025A: FF     
025B: FF     
025C: FF     
025D: FF     
025E: 22     
025F: 33     
0260: ------ serial.sendLow/log1/Stopbit
0260: A900   LDAim 00
0262: F002   BEQ +2>66
0264: ------ serial.sendHi/log0/Startbit
0264: A901   LDAim 01
0266: ------ serial.sendBit
0266: 8D821A STA 1A82 PBD
0269: A224   LDXim 24
026B: CA     DEX
026C: D0FD   BNE -3>6B
026E: 60     RTS
026F: FF     
0270: FF     
0271: FF     
0272: FF     
0273: FF     
0274: FF     
0275: FF     
0276: FF     
0277: FF     
0278: FF     
0279: FF     
027A: FF     
027B: FF     
027C: FF     
027D: FF     
027E: 22     
027F: 33     
0280: ------ serial.send7BitWord
0280: 206002 JSR 0260 serial.sendLow/log1/Stopbit
0283: 206402 JSR 0264 serial.sendHi/log0/Startbit
0286: EA     NOP
0287: EA     NOP
0288: A000   LDYim 00
028A: B1A0   LDAiy A0 serial.CurrentL
028C: A4A2   LDYz A2 serial.CurrentHiOrLoBits
028E: 3007   BMI +7>97
0290: 4A     LSRa
0291: EA     NOP
0292: EA     NOP
0293: EA     NOP
0294: EA     NOP
0295: EA     NOP
0296: EA     NOP
0297: 297F   ANDim 7F
0299: 49FF   EORim FF
029B: A008   LDYim 08
029D: 206602 JSR 0266 serial.sendBit
02A0: 4A     LSRa
02A1: 88     DEY
02A2: D0F9   BNE -7>9D
02A4: EA     NOP
02A5: EA     NOP
02A6: 206402 JSR 0264 serial.sendHi/log0/Startbit
02A9: 206402 JSR 0264 serial.sendHi/log0/Startbit
02AC: 60     RTS
02AD: FF     
02AE: FF     
02AF: FF     
02B0: FF     
02B1: FF     
02B2: FF     
02B3: FF     
02B4: FF     
02B5: FF     
02B6: FF     
02B7: FF     
02B8: FF     
02B9: FF     
02BA: FF     
02BB: FF     
02BC: FF     
02BD: FF     
02BE: FF     
02BF: FF     
02C0: FF     
02C1: FF     
02C2: FF     
02C3: FF     
02C4: FF     
02C5: FF     
02C6: FF     
02C7: FF     
02C8: FF     
02C9: FF     
02CA: FF     
02CB: FF     
02CC: FF     
02CD: FF     
02CE: FF     
02CF: FF     
02D0: FF     
02D1: FF     
02D2: FF     
02D3: FF     
02D4: FF     
02D5: FF     
02D6: FF     
02D7: FF     
02D8: FF     
02D9: FF     
02DA: FF     
02DB: FF     
02DC: FF     
02DD: FF     
02DE: FF     
02DF: FF     
02E0: FF     
02E1: FF     
02E2: FF     
02E3: FF     
02E4: FF     
02E5: FF     
02E6: FF     
02E7: FF     
02E8: FF     
02E9: FF     
02EA: FF     
02EB: FF     
02EC: FF     
02ED: FF     
02EE: FF     
02EF: FF     
02F0: FF     
02F1: FF     
02F2: FF     
02F3: FF     
02F4: FF     
02F5: FF     
02F6: FF     
02F7: FF     
02F8: FF     
02F9: FF     
02FA: FF     
02FB: FF     
02FC: FF     
02FD: FF     
02FE: 22     
02FF: 33     
0300: ------ serial.receive from PC
0300: A000   LDYim 00
0302: A980   LDAim 80
0304: 84E2   STYz E2 editor.BEGADL
0306: 85E3   STAz E3 editor.BEGADH
0308: AD821A LDA 1A82 PBD
030B: 10FB   BPL -5>08
030D: A980   LDAim 80
030F: A23C   LDXim 3C
0311: CA     DEX
0312: D0FD   BNE -3>11
0314: 48     PHA
0315: AD821A LDA 1A82 PBD
0318: 4980   EORim 80
031A: 0A     ASLa
031B: 68     PLA
031C: 6A     RORa
031D: A228   LDXim 28
031F: 90F0   BCC -16>11
0321: CA     DEX
0322: D0FD   BNE -3>21
0324: A000   LDYim 00
0326: 91E2   STAiy E2 editor.BEGADL
0328: E6E2   INCz E2 editor.BEGADL
032A: D002   BNE +2>2E
032C: E6E3   INCz E3 editor.BEGADH
032E: A4E3   LDYz E3 editor.BEGADH
0330: C0F0   CPYim F0
0332: D0D4   BNE -44>08
0334: 4C1D1C JMP 1C1D monitor.RESET
0337: 67     
0338: 67     
0339: 67     
033A: 67     
033B: 67     
033C: 67     
033D: 67     
033E: 67     
033F: 67     
0340: 67     
0341: 67     
0342: 67     
0343: 67     
0344: 67     
0345: 67     
0346: 67     
0347: 67     
0348: 67     
0349: 67     
034A: 67     
034B: 67     
034C: 67     
034D: 67     
034E: 67     
034F: 67     
0350: 67     
0351: 67     
0352: 67     
0353: 67     
0354: 67     
0355: 67     
0356: 67     
0357: 67     
0358: 67     
0359: 67     
035A: 67     
035B: 67     
035C: 67     
035D: 67     
035E: 67     
035F: 67     
0360: 67     
0361: 67     
0362: 67     
0363: 67     
0364: 67     
0365: 67     
0366: 67     
0367: 67     
0368: 67     
0369: 67     
036A: 67     
036B: 67     
036C: 67     
036D: 67     
036E: 67     
036F: 67     
0370: 67     
0371: 67     
0372: 67     
0373: 67     
0374: 67     
0375: 67     
0376: 67     
0377: 67     
0378: 67     
0379: 67     
037A: 67     
037B: 67     
037C: 67     
037D: 67     
037E: FF     
037F: 02     
0380: 0507   ORAz 07
0382: 0A     ASLa
0383: 0D1012 ORA 1210
0386: 14     
0387: 1618   ASLzx 18
0389: 1A     
038A: 1D1F21 ORAx 211F
038D: 2426   BITz 26
038F: 292B   ANDim 2B
0391: 2D2F31 AND 312F
0394: 34     
0395: 37     
0396: 3A     
0397: 0102   ORAix 02
0399: 02     
039A: 02     
039B: 02     
039C: 02     
039D: 02     
039E: 02     
039F: 02     
03A0: 02     
03A1: 02     
03A2: 02     
03A3: 02     
03A4: 02     
03A5: 02     
03A6: 02     
03A7: 02     
03A8: 02     
03A9: 02     
03AA: 02     
03AB: 02     
03AC: 02     
03AD: 02     
03AE: 02     
03AF: 02     
03B0: 00     BRK
03B1: 00     BRK
03B2: 00     BRK
03B3: 00     BRK
03B4: 00     BRK
03B5: 00     BRK
03B6: 00     BRK
03B7: 00     BRK
03B8: 00     BRK
03B9: 00     BRK
03BA: 00     BRK
03BB: 00     BRK
03BC: 00     BRK
03BD: 00     BRK
03BE: 00     BRK
03BF: 00     BRK
03C0: 00     BRK
03C1: 00     BRK
03C2: 00     BRK
03C3: 00     BRK
03C4: 00     BRK
03C5: 00     BRK
03C6: 00     BRK
03C7: 00     BRK
03C8: 00     BRK
03C9: 67     
03CA: 67     
03CB: 67     
03CC: 67     
03CD: 67     
03CE: 67     
03CF: 67     
03D0: 67     
03D1: 67     
03D2: 67     
03D3: 67     
03D4: 67     
03D5: 67     
03D6: 67     
03D7: 67     
03D8: 67     
03D9: 67     
03DA: 67     
03DB: 67     
03DC: 67     
03DD: 67     
03DE: 67     
03DF: 67     
03E0: 67     
03E1: 67     
03E2: 67     
03E3: 67     
03E4: 67     
03E5: 67     
03E6: 67     
03E7: 67     
03E8: 67     
03E9: 67     
03EA: 67     
03EB: 67     
03EC: 67     
03ED: 67     
03EE: 67     
03EF: 67     
03F0: 67     
03F1: 67     
03F2: 67     
03F3: 67     
03F4: 67     
03F5: 67     
03F6: 67     
03F7: 67     
03F8: 67     
03F9: 67     
03FA: 67     
03FB: 67     
03FC: 67     
03FD: 67     
03FE: 67     
03FF: 67     
0400: FF     
0401: 00     BRK
0402: FF     
0403: 00     BRK
0404: FF     
0405: 00     BRK
0406: FF     
0407: 00     BRK
0408: 04     
0409: 04     
040A: 04     
040B: 04     
040C: 04     
040D: 04     
040E: 04     
040F: 04     
0410: 04     
0411: 04     
0412: 04     
0413: 04     
0414: 04     
0415: 04     
0416: 04     
0417: 04     
0418: 04     
0419: 04     
041A: 04     
041B: 04     
041C: 04     
041D: 04     
041E: 04     
041F: 04     
0420: 04     
0421: 04     
0422: 04     
0423: 04     
0424: 04     
0425: 04     
0426: 04     
0427: 04     
0428: 04     
0429: 04     
042A: 04     
042B: 04     
042C: 04     
042D: 04     
042E: 04     
042F: 04     
0430: 04     
0431: 04     
0432: 04     
0433: 04     
0434: 04     
0435: 04     
0436: 04     
0437: 04     
0438: 04     
0439: 04     
043A: 04     
043B: 04     
043C: 04     
043D: 04     
043E: 04     
043F: 04     
0440: 04     
0441: 04     
0442: 04     
0443: 04     
0444: 04     
0445: 04     
0446: 04     
0447: 04     
0448: 04     
0449: 04     
044A: 04     
044B: 04     
044C: 04     
044D: 04     
044E: 04     
044F: 04     
0450: 04     
0451: 04     
0452: 04     
0453: 04     
0454: 04     
0455: 04     
0456: 04     
0457: 04     
0458: 04     
0459: 04     
045A: 04     
045B: 04     
045C: 04     
045D: 04     
045E: 04     
045F: 04     
0460: 04     
0461: 04     
0462: 04     
0463: 04     
0464: 04     
0465: 04     
0466: 04     
0467: 04     
0468: 04     
0469: 04     
046A: 04     
046B: 04     
046C: 04     
046D: 04     
046E: 04     
046F: 04     
0470: 04     
0471: 04     
0472: 04     
0473: 04     
0474: 04     
0475: 04     
0476: 04     
0477: 04     
0478: 04     
0479: 04     
047A: 04     
047B: 04     
047C: 04     
047D: 04     
047E: 04     
047F: 04     
0480: 04     
0481: 04     
0482: 04     
0483: 04     
0484: 04     
0485: 04     
0486: 04     
0487: 04     
0488: 04     
0489: 04     
048A: 04     
048B: 04     
048C: 04     
048D: 04     
048E: 04     
048F: 04     
0490: 04     
0491: 04     
0492: 04     
0493: 04     
0494: 04     
0495: 04     
0496: 04     
0497: 04     
0498: 04     
0499: 04     
049A: 04     
049B: 04     
049C: 04     
049D: 04     
049E: 04     
049F: 04     
04A0: 04     
04A1: 04     
04A2: 04     
04A3: 04     
04A4: 04     
04A5: 04     
04A6: 04     
04A7: 04     
04A8: 04     
04A9: 04     
04AA: 04     
04AB: 04     
04AC: 04     
04AD: 04     
04AE: 04     
04AF: 04     
04B0: 04     
04B1: 04     
04B2: 04     
04B3: 04     
04B4: 04     
04B5: 04     
04B6: 04     
04B7: 04     
04B8: 04     
04B9: 04     
04BA: 04     
04BB: 04     
04BC: 04     
04BD: 04     
04BE: 04     
04BF: 04     
04C0: 04     
04C1: 04     
04C2: 04     
04C3: 04     
04C4: 04     
04C5: 04     
04C6: 04     
04C7: 04     
04C8: 04     
04C9: 04     
04CA: 04     
04CB: 04     
04CC: 04     
04CD: 04     
04CE: 04     
04CF: 04     
04D0: 04     
04D1: 04     
04D2: 04     
04D3: 04     
04D4: 04     
04D5: 04     
04D6: 04     
04D7: 04     
04D8: 04     
04D9: 04     
04DA: 04     
04DB: 04     
04DC: 04     
04DD: 04     
04DE: 04     
04DF: 04     
04E0: 04     
04E1: 04     
04E2: 04     
04E3: 04     
04E4: 04     
04E5: 04     
04E6: 04     
04E7: 04     
04E8: 04     
04E9: 04     
04EA: 04     
04EB: 04     
04EC: 04     
04ED: 04     
04EE: 04     
04EF: 04     
04F0: 04     
04F1: 04     
04F2: 04     
04F3: 04     
04F4: 04     
04F5: 04     
04F6: 04     
04F7: 04     
04F8: 04     
04F9: 04     
04FA: 04     
04FB: 04     
04FC: 04     
04FD: 04     
04FE: 04     
04FF: 04     
0500: 0505   ORAz 05
0502: 0505   ORAz 05
0504: 0505   ORAz 05
0506: 0505   ORAz 05
0508: 0505   ORAz 05
050A: 0505   ORAz 05
050C: 0505   ORAz 05
050E: 0505   ORAz 05
0510: 0505   ORAz 05
0512: 0505   ORAz 05
0514: 0505   ORAz 05
0516: 0505   ORAz 05
0518: 0505   ORAz 05
051A: 0505   ORAz 05
051C: 0505   ORAz 05
051E: 0505   ORAz 05
0520: 0505   ORAz 05
0522: 0505   ORAz 05
0524: 0505   ORAz 05
0526: 0505   ORAz 05
0528: 0505   ORAz 05
052A: 0505   ORAz 05
052C: 0505   ORAz 05
052E: 0505   ORAz 05
0530: 0505   ORAz 05
0532: 0505   ORAz 05
0534: 0505   ORAz 05
0536: 0505   ORAz 05
0538: 0505   ORAz 05
053A: 0505   ORAz 05
053C: 0505   ORAz 05
053E: 0505   ORAz 05
0540: 0505   ORAz 05
0542: 0505   ORAz 05
0544: 0505   ORAz 05
0546: 0505   ORAz 05
0548: 0505   ORAz 05
054A: 0505   ORAz 05
054C: 0505   ORAz 05
054E: 0505   ORAz 05
0550: 0505   ORAz 05
0552: 0505   ORAz 05
0554: 0505   ORAz 05
0556: 0505   ORAz 05
0558: 0505   ORAz 05
055A: 0505   ORAz 05
055C: 0505   ORAz 05
055E: 0505   ORAz 05
0560: 0505   ORAz 05
0562: 0505   ORAz 05
0564: 0505   ORAz 05
0566: 0505   ORAz 05
0568: 0505   ORAz 05
056A: 0505   ORAz 05
056C: 0505   ORAz 05
056E: 0505   ORAz 05
0570: 0505   ORAz 05
0572: 0505   ORAz 05
0574: 0505   ORAz 05
0576: 0505   ORAz 05
0578: 0505   ORAz 05
057A: 0505   ORAz 05
057C: 0505   ORAz 05
057E: 0505   ORAz 05
0580: 0505   ORAz 05
0582: 0505   ORAz 05
0584: 0505   ORAz 05
0586: 0505   ORAz 05
0588: 0505   ORAz 05
058A: 0505   ORAz 05
058C: 0505   ORAz 05
058E: 0505   ORAz 05
0590: 0505   ORAz 05
0592: 0505   ORAz 05
0594: 0505   ORAz 05
0596: 0505   ORAz 05
0598: 0505   ORAz 05
059A: 0505   ORAz 05
059C: 0505   ORAz 05
059E: 0505   ORAz 05
05A0: 0505   ORAz 05
05A2: 0505   ORAz 05
05A4: 0505   ORAz 05
05A6: 0505   ORAz 05
05A8: 0505   ORAz 05
05AA: 0505   ORAz 05
05AC: 0505   ORAz 05
05AE: 0505   ORAz 05
05B0: 0505   ORAz 05
05B2: 0505   ORAz 05
05B4: 0505   ORAz 05
05B6: 0505   ORAz 05
05B8: 0505   ORAz 05
05BA: 0505   ORAz 05
05BC: 0505   ORAz 05
05BE: 0505   ORAz 05
05C0: 0505   ORAz 05
05C2: 0505   ORAz 05
05C4: 0505   ORAz 05
05C6: 0505   ORAz 05
05C8: 0505   ORAz 05
05CA: 0505   ORAz 05
05CC: 0505   ORAz 05
05CE: 0505   ORAz 05
05D0: 0505   ORAz 05
05D2: 0505   ORAz 05
05D4: 0505   ORAz 05
05D6: 0505   ORAz 05
05D8: 0505   ORAz 05
05DA: 0505   ORAz 05
05DC: 0505   ORAz 05
05DE: 0505   ORAz 05
05E0: 0505   ORAz 05
05E2: 0505   ORAz 05
05E4: 0505   ORAz 05
05E6: 0505   ORAz 05
05E8: 0505   ORAz 05
05EA: 0505   ORAz 05
05EC: 0505   ORAz 05
05EE: 0505   ORAz 05
05F0: 0505   ORAz 05
05F2: 0505   ORAz 05
05F4: 0505   ORAz 05
05F6: 0505   ORAz 05
05F8: 0505   ORAz 05
05FA: 0505   ORAz 05
05FC: 0505   ORAz 05
05FE: 0505   ORAz 05
0600: 0606   ASLz 06
0602: 0606   ASLz 06
0604: 0606   ASLz 06
0606: 0606   ASLz 06
0608: 0606   ASLz 06
060A: 0606   ASLz 06
060C: 0606   ASLz 06
060E: 0606   ASLz 06
0610: 0606   ASLz 06
0612: 0606   ASLz 06
0614: 0606   ASLz 06
0616: 0606   ASLz 06
0618: 0606   ASLz 06
061A: 0606   ASLz 06
061C: 0606   ASLz 06
061E: 0606   ASLz 06
0620: 0606   ASLz 06
0622: 0606   ASLz 06
0624: 0606   ASLz 06
0626: 0606   ASLz 06
0628: 0606   ASLz 06
062A: 0606   ASLz 06
062C: 0606   ASLz 06
062E: 0606   ASLz 06
0630: 0606   ASLz 06
0632: 0606   ASLz 06
0634: 0606   ASLz 06
0636: 0606   ASLz 06
0638: 0606   ASLz 06
063A: 0606   ASLz 06
063C: 0606   ASLz 06
063E: 0606   ASLz 06
0640: 0606   ASLz 06
0642: 0606   ASLz 06
0644: 0606   ASLz 06
0646: 0606   ASLz 06
0648: 0606   ASLz 06
064A: 0606   ASLz 06
064C: 0606   ASLz 06
064E: 0606   ASLz 06
0650: 0606   ASLz 06
0652: 0606   ASLz 06
0654: 0606   ASLz 06
0656: 0606   ASLz 06
0658: 0606   ASLz 06
065A: 0606   ASLz 06
065C: 0606   ASLz 06
065E: 0606   ASLz 06
0660: 0606   ASLz 06
0662: 0606   ASLz 06
0664: 0606   ASLz 06
0666: 0606   ASLz 06
0668: 0606   ASLz 06
066A: 0606   ASLz 06
066C: 0606   ASLz 06
066E: 0606   ASLz 06
0670: 0606   ASLz 06
0672: 0606   ASLz 06
0674: 0606   ASLz 06
0676: 0606   ASLz 06
0678: 0606   ASLz 06
067A: 0606   ASLz 06
067C: 0606   ASLz 06
067E: 0606   ASLz 06
0680: 0606   ASLz 06
0682: 0606   ASLz 06
0684: 0606   ASLz 06
0686: 0606   ASLz 06
0688: 0606   ASLz 06
068A: 0606   ASLz 06
068C: 0606   ASLz 06
068E: 0606   ASLz 06
0690: 0606   ASLz 06
0692: 0606   ASLz 06
0694: 0606   ASLz 06
0696: 0606   ASLz 06
0698: 0606   ASLz 06
069A: 0606   ASLz 06
069C: 0606   ASLz 06
069E: 0606   ASLz 06
06A0: 0606   ASLz 06
06A2: 0606   ASLz 06
06A4: 0606   ASLz 06
06A6: 0606   ASLz 06
06A8: 0606   ASLz 06
06AA: 0606   ASLz 06
06AC: 0606   ASLz 06
06AE: 0606   ASLz 06
06B0: 0606   ASLz 06
06B2: 0606   ASLz 06
06B4: 0606   ASLz 06
06B6: 0606   ASLz 06
06B8: 0606   ASLz 06
06BA: 0606   ASLz 06
06BC: 0606   ASLz 06
06BE: 0606   ASLz 06
06C0: 0606   ASLz 06
06C2: 0606   ASLz 06
06C4: 0606   ASLz 06
06C6: 0606   ASLz 06
06C8: 0606   ASLz 06
06CA: 0606   ASLz 06
06CC: 0606   ASLz 06
06CE: 0606   ASLz 06
06D0: 0606   ASLz 06
06D2: 0606   ASLz 06
06D4: 0606   ASLz 06
06D6: 0606   ASLz 06
06D8: 0606   ASLz 06
06DA: 0606   ASLz 06
06DC: 0606   ASLz 06
06DE: 0606   ASLz 06
06E0: 0606   ASLz 06
06E2: 0606   ASLz 06
06E4: 0606   ASLz 06
06E6: 0606   ASLz 06
06E8: 0606   ASLz 06
06EA: 0606   ASLz 06
06EC: 0606   ASLz 06
06EE: 0606   ASLz 06
06F0: 0606   ASLz 06
06F2: 0606   ASLz 06
06F4: 0606   ASLz 06
06F6: 0606   ASLz 06
06F8: 0606   ASLz 06
06FA: 0606   ASLz 06
06FC: 0606   ASLz 06
06FE: 0606   ASLz 06
0700: 07     
0701: 07     
0702: 07     
0703: 07     
0704: 07     
0705: 07     
0706: 07     
0707: 07     
0708: 07     
0709: 07     
070A: 07     
070B: 07     
070C: 07     
070D: 07     
070E: 07     
070F: 07     
0710: 07     
0711: 07     
0712: 07     
0713: 07     
0714: 07     
0715: 07     
0716: 07     
0717: 07     
0718: 07     
0719: 07     
071A: 07     
071B: 07     
071C: 07     
071D: 07     
071E: 07     
071F: 07     
0720: 07     
0721: 07     
0722: 07     
0723: 07     
0724: 07     
0725: 07     
0726: 07     
0727: 07     
0728: 07     
0729: 07     
072A: 07     
072B: 07     
072C: 07     
072D: 07     
072E: 07     
072F: 07     
0730: 07     
0731: 07     
0732: 07     
0733: 07     
0734: 07     
0735: 07     
0736: 07     
0737: 07     
0738: 07     
0739: 07     
073A: 07     
073B: 07     
073C: 07     
073D: 07     
073E: 07     
073F: 07     
0740: 07     
0741: 07     
0742: 07     
0743: 07     
0744: 07     
0745: 07     
0746: 07     
0747: 07     
0748: 07     
0749: 07     
074A: 07     
074B: 07     
074C: 07     
074D: 07     
074E: 07     
074F: 07     
0750: 07     
0751: 07     
0752: 07     
0753: 07     
0754: 07     
0755: 07     
0756: 07     
0757: 07     
0758: 07     
0759: 07     
075A: 07     
075B: 07     
075C: 07     
075D: 07     
075E: 07     
075F: 07     
0760: 07     
0761: 07     
0762: 07     
0763: 07     
0764: 07     
0765: 07     
0766: 07     
0767: 07     
0768: 07     
0769: 07     
076A: 07     
076B: 07     
076C: 07     
076D: 07     
076E: 07     
076F: 07     
0770: 07     
0771: 07     
0772: 07     
0773: 07     
0774: 07     
0775: 07     
0776: 07     
0777: 07     
0778: 07     
0779: 07     
077A: 07     
077B: 07     
077C: 07     
077D: 07     
077E: 07     
077F: 07     
0780: 07     
0781: 07     
0782: 07     
0783: 07     
0784: 07     
0785: 07     
0786: 07     
0787: 07     
0788: 07     
0789: 07     
078A: 07     
078B: 07     
078C: 07     
078D: 07     
078E: 07     
078F: 07     
0790: 07     
0791: 07     
0792: 07     
0793: 07     
0794: 07     
0795: 07     
0796: 07     
0797: 07     
0798: 07     
0799: 07     
079A: 07     
079B: 07     
079C: 07     
079D: 07     
079E: 07     
079F: 07     
07A0: 07     
07A1: 07     
07A2: 07     
07A3: 07     
07A4: 07     
07A5: 07     
07A6: 07     
07A7: 07     
07A8: 07     
07A9: 07     
07AA: 07     
07AB: 07     
07AC: 07     
07AD: 07     
07AE: 07     
07AF: 07     
07B0: 07     
07B1: 07     
07B2: 07     
07B3: 07     
07B4: 07     
07B5: 07     
07B6: 07     
07B7: 07     
07B8: 07     
07B9: 07     
07BA: 07     
07BB: 07     
07BC: 07     
07BD: 07     
07BE: 07     
07BF: 07     
07C0: 07     
07C1: 07     
07C2: 07     
07C3: 07     
07C4: 07     
07C5: 07     
07C6: 07     
07C7: 07     
07C8: 07     
07C9: 07     
07CA: 07     
07CB: 07     
07CC: 07     
07CD: 07     
07CE: 07     
07CF: 07     
07D0: 07     
07D1: 07     
07D2: 07     
07D3: 07     
07D4: 07     
07D5: 07     
07D6: 07     
07D7: 07     
07D8: 07     
07D9: 07     
07DA: 07     
07DB: 07     
07DC: 07     
07DD: 07     
07DE: 07     
07DF: 07     
07E0: 07     
07E1: 07     
07E2: 07     
07E3: 07     
07E4: 07     
07E5: 07     
07E6: 07     
07E7: 07     
07E8: 07     
07E9: 07     
07EA: 07     
07EB: 07     
07EC: 07     
07ED: 07     
07EE: 07     
07EF: 07     
07F0: 07     
07F1: 07     
07F2: 07     
07F3: 07     
07F4: 07     
07F5: 07     
07F6: 07     
07F7: 07     
07F8: 07     
07F9: 07     
07FA: 07     
07FB: 07     
07FC: 07     
07FD: 07     
07FE: 07     
07FF: 07     
0800: 3032   BMI +50>34
0802: 3030   BMI +48>34
0804: 202041 JSR 4120
0807: 393031 ANDy 3130
080A: 202020 JSR 2020
080D: 6C6461 JMPi 6164
0810: 696D   ADCim 6D
0812: 202020 JSR 2020
0815: 202020 JSR 2020
0818: 202020 JSR 2020
081B: 202020 JSR 2020
081E: 202020 JSR 2020
0821: 202020 JSR 2020
0824: 202020 JSR 2020
0827: 202020 JSR 2020
082A: 202020 JSR 2020
082D: 202020 JSR 2020
0830: 202020 JSR 2020
0833: 202020 JSR 2020
0836: 202020 JSR 2020
0839: 202020 JSR 2020
083C: 202020 JSR 2020
083F: 202020 JSR 2020
0842: 202020 JSR 2020
0845: 202020 JSR 2020
0848: 202020 JSR 2020
084B: 202020 JSR 2020
084E: 202030 JSR 3020
0851: 32     
0852: 3032   BMI +50>86
0854: 202038 JSR 3820
0857: 44     
0858: 38     SEC
0859: 32     
085A: 3141   ANDiy 41
085C: 207374 JSR 7473
085F: 6120   ADCix 20
0861: 202020 JSR 2020
0864: 202020 JSR 2020
0867: 202020 JSR 2020
086A: 202020 JSR 2020
086D: 202020 JSR 2020
0870: 202020 JSR 2020
0873: 202020 JSR 2020
0876: 202020 JSR 2020
0879: 202020 JSR 2020
087C: 202020 JSR 2020
087F: 202020 JSR 2020
0882: 202020 JSR 2020
0885: 202020 JSR 2020
0888: 202020 JSR 2020
088B: 202020 JSR 2020
088E: 202020 JSR 2020
0891: 202020 JSR 2020
0894: 202020 JSR 2020
0897: 202020 JSR 2020
089A: 202020 JSR 2020
089D: 202020 JSR 2020
08A0: 3032   BMI +50>D4
08A2: 3035   BMI +53>D9
08A4: 202041 JSR 4120
08A7: 393146 ANDy 4631
08AA: 202020 JSR 2020
08AD: 6C6461 JMPi 6164
08B0: 696D   ADCim 6D
08B2: 202020 JSR 2020
08B5: 202020 JSR 2020
08B8: 202020 JSR 2020
08BB: 202020 JSR 2020
08BE: 202020 JSR 2020
08C1: 202020 JSR 2020
08C4: 202020 JSR 2020
08C7: 202020 JSR 2020
08CA: 202020 JSR 2020
08CD: 202020 JSR 2020
08D0: 202020 JSR 2020
08D3: 202020 JSR 2020
08D6: 202020 JSR 2020
08D9: 202020 JSR 2020
08DC: 202020 JSR 2020
08DF: 202020 JSR 2020
08E2: 202020 JSR 2020
08E5: 202020 JSR 2020
08E8: 202020 JSR 2020
08EB: 202020 JSR 2020
08EE: 202030 JSR 3020
08F1: 32     
08F2: 3037   BMI +55>2B
08F4: 202038 JSR 3820
08F7: 44     
08F8: 38     SEC
08F9: 33     
08FA: 3141   ANDiy 41
08FC: 207374 JSR 7473
08FF: 6120   ADCix 20
0901: 202020 JSR 2020
0904: 202020 JSR 2020
0907: 202020 JSR 2020
090A: 202020 JSR 2020
090D: 202020 JSR 2020
0910: 202020 JSR 2020
0913: 202020 JSR 2020
0916: 202020 JSR 2020
0919: 202020 JSR 2020
091C: 202020 JSR 2020
091F: 202020 JSR 2020
0922: 202020 JSR 2020
0925: 202020 JSR 2020
0928: 202020 JSR 2020
092B: 202020 JSR 2020
092E: 202020 JSR 2020
0931: 202020 JSR 2020
0934: 202020 JSR 2020
0937: 202020 JSR 2020
093A: 202020 JSR 2020
093D: 202020 JSR 2020
0940: 3032   BMI +50>74
0942: 3041   BMI +65>85
0944: 202032 JSR 3220
0947: 3036   BMI +54>7F
0949: 34     
094A: 3032   BMI +50>7E
094C: 206A73 JSR 736A
094F: 72     
0950: 202020 JSR 2020
0953: 202020 JSR 2020
0956: 202020 JSR 2020
0959: 202020 JSR 2020
095C: 202020 JSR 2020
095F: 202020 JSR 2020
0962: 202020 JSR 2020
0965: 202020 JSR 2020
0968: 202020 JSR 2020
096B: 202020 JSR 2020
096E: 202020 JSR 2020
0971: 202020 JSR 2020
0974: 202020 JSR 2020
0977: 202020 JSR 2020
097A: 202020 JSR 2020
097D: 202020 JSR 2020
0980: 202020 JSR 2020
0983: 202020 JSR 2020
0986: 202020 JSR 2020
0989: 202020 JSR 2020
098C: 202020 JSR 2020
098F: 203032 JSR 3230
0992: 3044   BMI +68>D8
0994: 202032 JSR 3220
0997: 3036   BMI +54>CF
0999: 34     
099A: 3032   BMI +50>CE
099C: 206A73 JSR 736A
099F: 72     
09A0: 202020 JSR 2020
09A3: 202020 JSR 2020
09A6: 202020 JSR 2020
09A9: 202020 JSR 2020
09AC: 202020 JSR 2020
09AF: 202020 JSR 2020
09B2: 202020 JSR 2020
09B5: 202020 JSR 2020
09B8: 202020 JSR 2020
09BB: 202020 JSR 2020
09BE: 202020 JSR 2020
09C1: 202020 JSR 2020
09C4: 202020 JSR 2020
09C7: 202020 JSR 2020
09CA: 202020 JSR 2020
09CD: 202020 JSR 2020
09D0: 202020 JSR 2020
09D3: 202020 JSR 2020
09D6: 202020 JSR 2020
09D9: 202020 JSR 2020
09DC: 202020 JSR 2020
09DF: 203032 JSR 3230
09E2: 3130   ANDiy 30
09E4: 202041 JSR 4120
09E7: 393030 ANDy 3030
09EA: 202020 JSR 2020
09ED: 6C6461 JMPi 6164
09F0: 696D   ADCim 6D
09F2: 202020 JSR 2020
09F5: 202020 JSR 2020
09F8: 202020 JSR 2020
09FB: 202020 JSR 2020
09FE: 202020 JSR 2020
0A01: 202020 JSR 2020
0A04: 202020 JSR 2020
0A07: 202020 JSR 2020
0A0A: 202020 JSR 2020
0A0D: 202020 JSR 2020
0A10: 202020 JSR 2020
0A13: 202020 JSR 2020
0A16: 202020 JSR 2020
0A19: 202020 JSR 2020
0A1C: 202020 JSR 2020
0A1F: 202020 JSR 2020
0A22: 202020 JSR 2020
0A25: 202020 JSR 2020
0A28: 202020 JSR 2020
0A2B: 202020 JSR 2020
0A2E: 202030 JSR 3020
0A31: 32     
0A32: 3132   ANDiy 32
0A34: 202038 JSR 3820
0A37: 3541   ANDzx 41
0A39: 3020   BMI +32>5B
0A3B: 202073 JSR 7320
0A3E: 74     
0A3F: 617A   ADCix 7A
0A41: 202020 JSR 2020
0A44: 202020 JSR 2020
0A47: 202020 JSR 2020
0A4A: 202020 JSR 2020
0A4D: 202020 JSR 2020
0A50: 202020 JSR 2020
0A53: 202020 JSR 2020
0A56: 202020 JSR 2020
0A59: 202020 JSR 2020
0A5C: 202020 JSR 2020
0A5F: 202020 JSR 2020
0A62: 202020 JSR 2020
0A65: 202020 JSR 2020
0A68: 202020 JSR 2020
0A6B: 202020 JSR 2020
0A6E: 202020 JSR 2020
0A71: 202020 JSR 2020
0A74: 202020 JSR 2020
0A77: 202020 JSR 2020
0A7A: 202020 JSR 2020
0A7D: 202020 JSR 2020
0A80: 3032   BMI +50>B4
0A82: 3134   ANDiy 34
0A84: 202041 JSR 4120
0A87: 393032 ANDy 3230
0A8A: 202020 JSR 2020
0A8D: 6C6461 JMPi 6164
0A90: 696D   ADCim 6D
0A92: 202020 JSR 2020
0A95: 202020 JSR 2020
0A98: 202020 JSR 2020
0A9B: 202020 JSR 2020
0A9E: 202020 JSR 2020
0AA1: 202020 JSR 2020
0AA4: 202020 JSR 2020
0AA7: 202020 JSR 2020
0AAA: 202020 JSR 2020
0AAD: 202020 JSR 2020
0AB0: 202020 JSR 2020
0AB3: 202020 JSR 2020
0AB6: 202020 JSR 2020
0AB9: 202020 JSR 2020
0ABC: 202020 JSR 2020
0ABF: 202020 JSR 2020
0AC2: 202020 JSR 2020
0AC5: 202020 JSR 2020
0AC8: 202020 JSR 2020
0ACB: 202020 JSR 2020
0ACE: 202030 JSR 3020
0AD1: 32     
0AD2: 3136   ANDiy 36
0AD4: 202038 JSR 3820
0AD7: 3541   ANDzx 41
0AD9: 3120   ANDiy 20
0ADB: 202073 JSR 7320
0ADE: 74     
0ADF: 617A   ADCix 7A
0AE1: 202020 JSR 2020
0AE4: 202020 JSR 2020
0AE7: 202020 JSR 2020
0AEA: 202020 JSR 2020
0AED: 202020 JSR 2020
0AF0: 202020 JSR 2020
0AF3: 202020 JSR 2020
0AF6: 202020 JSR 2020
0AF9: 202020 JSR 2020
0AFC: 202020 JSR 2020
0AFF: 202020 JSR 2020
0B02: 202020 JSR 2020
0B05: 202020 JSR 2020
0B08: 202020 JSR 2020
0B0B: 202020 JSR 2020
0B0E: 202020 JSR 2020
0B11: 202020 JSR 2020
0B14: 202020 JSR 2020
0B17: 202020 JSR 2020
0B1A: 202020 JSR 2020
0B1D: 202020 JSR 2020
0B20: 3032   BMI +50>54
0B22: 3138   ANDiy 38
0B24: 202041 JSR 4120
0B27: 393037 ANDy 3730
0B2A: 202020 JSR 2020
0B2D: 6C6461 JMPi 6164
0B30: 696D   ADCim 6D
0B32: 202020 JSR 2020
0B35: 202020 JSR 2020
0B38: 202020 JSR 2020
0B3B: 202020 JSR 2020
0B3E: 202020 JSR 2020
0B41: 202020 JSR 2020
0B44: 202020 JSR 2020
0B47: 202020 JSR 2020
0B4A: 202020 JSR 2020
0B4D: 202020 JSR 2020
0B50: 202020 JSR 2020
0B53: 202020 JSR 2020
0B56: 202020 JSR 2020
0B59: 202020 JSR 2020
0B5C: 202020 JSR 2020
0B5F: 202020 JSR 2020
0B62: 202020 JSR 2020
0B65: 202020 JSR 2020
0B68: 202020 JSR 2020
0B6B: 202020 JSR 2020
0B6E: 202030 JSR 3020
0B71: 32     
0B72: 3141   ANDiy 41
0B74: 202032 JSR 3220
0B77: 3043   BMI +67>BC
0B79: 37     
0B7A: 3146   ANDiy 46
0B7C: 206A73 JSR 736A
0B7F: 72     
0B80: 202020 JSR 2020
0B83: 202020 JSR 2020
0B86: 202020 JSR 2020
0B89: 202020 JSR 2020
0B8C: 202020 JSR 2020
0B8F: 202020 JSR 2020
0B92: 202020 JSR 2020
0B95: 202020 JSR 2020
0B98: 202020 JSR 2020
0B9B: 202020 JSR 2020
0B9E: 202020 JSR 2020
0BA1: 202020 JSR 2020
0BA4: 202020 JSR 2020
0BA7: 202020 JSR 2020
0BAA: 202020 JSR 2020
0BAD: 202020 JSR 2020
0BB0: 202020 JSR 2020
0BB3: 202020 JSR 2020
0BB6: 202020 JSR 2020
0BB9: 202020 JSR 2020
0BBC: 202020 JSR 2020
0BBF: 203032 JSR 3230
0BC2: 3144   ANDiy 44
0BC4: 202041 JSR 4120
0BC7: 32     
0BC8: 34     
0BC9: 3020   BMI +32>EB
0BCB: 20206C JSR 6C20
0BCE: 64     
0BCF: 78     SEI
0BD0: 696D   ADCim 6D
0BD2: 202020 JSR 2020
0BD5: 202020 JSR 2020
0BD8: 202020 JSR 2020
0BDB: 202020 JSR 2020
0BDE: 202020 JSR 2020
0BE1: 202020 JSR 2020
0BE4: 202020 JSR 2020
0BE7: 202020 JSR 2020
0BEA: 202020 JSR 2020
0BED: 202020 JSR 2020
0BF0: 202020 JSR 2020
0BF3: 202020 JSR 2020
0BF6: 202020 JSR 2020
0BF9: 202020 JSR 2020
0BFC: 202020 JSR 2020
0BFF: 202020 JSR 2020
0C02: 202020 JSR 2020
0C05: 202020 JSR 2020
0C08: 202020 JSR 2020
0C0B: 202020 JSR 2020
0C0E: 202030 JSR 3020
0C11: 32     
0C12: 3146   ANDiy 46
0C14: 202038 JSR 3820
0C17: 3641   ROLzx 41
0C19: 32     
0C1A: 202020 JSR 2020
0C1D: 73     
0C1E: 74     
0C1F: 78     SEI
0C20: 7A     
0C21: 202020 JSR 2020
0C24: 202020 JSR 2020
0C27: 202020 JSR 2020
0C2A: 202020 JSR 2020
0C2D: 202020 JSR 2020
0C30: 202020 JSR 2020
0C33: 202020 JSR 2020
0C36: 202020 JSR 2020
0C39: 202020 JSR 2020
0C3C: 202020 JSR 2020
0C3F: 202020 JSR 2020
0C42: 202020 JSR 2020
0C45: 202020 JSR 2020
0C48: 202020 JSR 2020
0C4B: 202020 JSR 2020
0C4E: 202020 JSR 2020
0C51: 202020 JSR 2020
0C54: 202020 JSR 2020
0C57: 202020 JSR 2020
0C5A: 202020 JSR 2020
0C5D: 202020 JSR 2020
0C60: 3032   BMI +50>94
0C62: 32     
0C63: 3120   ANDiy 20
0C65: 203230 JSR 3032
0C68: 38     SEC
0C69: 3030   BMI +48>9B
0C6B: 32     
0C6C: 206A73 JSR 736A
0C6F: 72     
0C70: 202020 JSR 2020
0C73: 202020 JSR 2020
0C76: 202020 JSR 2020
0C79: 202020 JSR 2020
0C7C: 202020 JSR 2020
0C7F: 202020 JSR 2020
0C82: 202020 JSR 2020
0C85: 202020 JSR 2020
0C88: 202020 JSR 2020
0C8B: 202020 JSR 2020
0C8E: 202020 JSR 2020
0C91: 202020 JSR 2020
0C94: 202020 JSR 2020
0C97: 202020 JSR 2020
0C9A: 202020 JSR 2020
0C9D: 202020 JSR 2020
0CA0: 202020 JSR 2020
0CA3: 202020 JSR 2020
0CA6: 202020 JSR 2020
0CA9: 202020 JSR 2020
0CAC: 202020 JSR 2020
0CAF: 203032 JSR 3230
0CB2: 32     
0CB3: 34     
0CB4: 202030 JSR 3020
0CB7: 3641   ROLzx 41
0CB9: 32     
0CBA: 202020 JSR 2020
0CBD: 6173   ADCix 73
0CBF: 6C7A20 JMPi 207A
0CC2: 202020 JSR 2020
0CC5: 202020 JSR 2020
0CC8: 202020 JSR 2020
0CCB: 202020 JSR 2020
0CCE: 202020 JSR 2020
0CD1: 202020 JSR 2020
0CD4: 202020 JSR 2020
0CD7: 202020 JSR 2020
0CDA: 202020 JSR 2020
0CDD: 202020 JSR 2020
0CE0: 202020 JSR 2020
0CE3: 202020 JSR 2020
0CE6: 202020 JSR 2020
0CE9: 202020 JSR 2020
0CEC: 202020 JSR 2020
0CEF: 202020 JSR 2020
0CF2: 202020 JSR 2020
0CF5: 202020 JSR 2020
0CF8: 202020 JSR 2020
0CFB: 202020 JSR 2020
0CFE: 202030 JSR 3020
0D01: 32     
0D02: 32     
0D03: 3620   ROLzx 20
0D05: 203230 JSR 3032
0D08: 38     SEC
0D09: 3030   BMI +48>3B
0D0B: 32     
0D0C: 206A73 JSR 736A
0D0F: 72     
0D10: 202020 JSR 2020
0D13: 202020 JSR 2020
0D16: 202020 JSR 2020
0D19: 202020 JSR 2020
0D1C: 202020 JSR 2020
0D1F: 202020 JSR 2020
0D22: 202020 JSR 2020
0D25: 202020 JSR 2020
0D28: 202020 JSR 2020
0D2B: 202020 JSR 2020
0D2E: 202020 JSR 2020
0D31: 202020 JSR 2020
0D34: 202020 JSR 2020
0D37: 202020 JSR 2020
0D3A: 202020 JSR 2020
0D3D: 202020 JSR 2020
0D40: 202020 JSR 2020
0D43: 202020 JSR 2020
0D46: 202020 JSR 2020
0D49: 202020 JSR 2020
0D4C: 202020 JSR 2020
0D4F: 203032 JSR 3230
0D52: 32     
0D53: 392020 ANDy 2020
0D56: 4536   EORz 36
0D58: 4130   EORix 30
0D5A: 202020 JSR 2020
0D5D: 696E   ADCim 6E
0D5F: 63     
0D60: 7A     
0D61: 202020 JSR 2020
0D64: 202020 JSR 2020
0D67: 202020 JSR 2020
0D6A: 202020 JSR 2020
0D6D: 202020 JSR 2020
0D70: 202020 JSR 2020
0D73: 202020 JSR 2020
0D76: 202020 JSR 2020
0D79: 202020 JSR 2020
0D7C: 202020 JSR 2020
0D7F: 202020 JSR 2020
0D82: 202020 JSR 2020
0D85: 202020 JSR 2020
0D88: 202020 JSR 2020
0D8B: 202020 JSR 2020
0D8E: 202020 JSR 2020
0D91: 202020 JSR 2020
0D94: 202020 JSR 2020
0D97: 202020 JSR 2020
0D9A: 202020 JSR 2020
0D9D: 202020 JSR 2020
0DA0: 3032   BMI +50>D4
0DA2: 32     
0DA3: 42     
0DA4: 202044 JSR 4420
0DA7: 3046   BMI +70>EF
0DA9: 3020   BMI +32>CB
0DAB: 202062 JSR 6220
0DAE: 6E6520 ROR 2065
0DB1: 3144   ANDiy 44
0DB3: 202020 JSR 2020
0DB6: 202020 JSR 2020
0DB9: 202020 JSR 2020
0DBC: 202020 JSR 2020
0DBF: 202020 JSR 2020
0DC2: 202020 JSR 2020
0DC5: 202020 JSR 2020
0DC8: 202020 JSR 2020
0DCB: 202020 JSR 2020
0DCE: 202020 JSR 2020
0DD1: 202020 JSR 2020
0DD4: 202020 JSR 2020
0DD7: 202020 JSR 2020
0DDA: 202020 JSR 2020
0DDD: 202020 JSR 2020
0DE0: 202020 JSR 2020
0DE3: 202020 JSR 2020
0DE6: 202020 JSR 2020
0DE9: 202020 JSR 2020
0DEC: 202020 JSR 2020
0DEF: 203032 JSR 3230
0DF2: 32     
0DF3: 44     
0DF4: 202045 JSR 4520
0DF7: 3641   ROLzx 41
0DF9: 3120   ANDiy 20
0DFB: 202069 JSR 6920
0DFE: 6E637A ROR 7A63
0E01: 202020 JSR 2020
0E04: 202020 JSR 2020
0E07: 202020 JSR 2020
0E0A: 202020 JSR 2020
0E0D: 202020 JSR 2020
0E10: 202020 JSR 2020
0E13: 202020 JSR 2020
0E16: 202020 JSR 2020
0E19: 202020 JSR 2020
0E1C: 202020 JSR 2020
0E1F: 202020 JSR 2020
0E22: 202020 JSR 2020
0E25: 202020 JSR 2020
0E28: 202020 JSR 2020
0E2B: 202020 JSR 2020
0E2E: 202020 JSR 2020
0E31: 202020 JSR 2020
0E34: 202020 JSR 2020
0E37: 202020 JSR 2020
0E3A: 202020 JSR 2020
0E3D: 202020 JSR 2020
0E40: 3032   BMI +50>74
0E42: 32     
0E43: 4620   LSRz 20
0E45: 203130 JSR 3031
0E48: 4543   EORz 43
0E4A: 202020 JSR 2020
0E4D: 62     
0E4E: 706C   BCS +108>BC
0E50: 203144 JSR 4431
0E53: 202020 JSR 2020
0E56: 202020 JSR 2020
0E59: 202020 JSR 2020
0E5C: 202020 JSR 2020
0E5F: 202020 JSR 2020
0E62: 202020 JSR 2020
0E65: 202020 JSR 2020
0E68: 202020 JSR 2020
0E6B: 202020 JSR 2020
0E6E: 202020 JSR 2020
0E71: 202020 JSR 2020
0E74: 202020 JSR 2020
0E77: 202020 JSR 2020
0E7A: 202020 JSR 2020
0E7D: 202020 JSR 2020
0E80: 202020 JSR 2020
0E83: 202020 JSR 2020
0E86: 202020 JSR 2020
0E89: 202020 JSR 2020
0E8C: 202020 JSR 2020
0E8F: 203032 JSR 3230
0E92: 33     
0E93: 3120   ANDiy 20
0E95: 203443 JSR 4334
0E98: 3144   ANDiy 44
0E9A: 3143   ANDiy 43
0E9C: 206A6D JSR 6D6A
0E9F: 7020   BCS +32>C1
0EA1: 202020 JSR 2020
0EA4: 202020 JSR 2020
0EA7: 202020 JSR 2020
0EAA: 202020 JSR 2020
0EAD: 202020 JSR 2020
0EB0: 202020 JSR 2020
0EB3: 202020 JSR 2020
0EB6: 202020 JSR 2020
0EB9: 202020 JSR 2020
0EBC: 202020 JSR 2020
0EBF: 202020 JSR 2020
0EC2: 202020 JSR 2020
0EC5: 202020 JSR 2020
0EC8: 202020 JSR 2020
0ECB: 202020 JSR 2020
0ECE: 202020 JSR 2020
0ED1: 202020 JSR 2020
0ED4: 202020 JSR 2020
0ED7: 202020 JSR 2020
0EDA: 202020 JSR 2020
0EDD: 202020 JSR 2020
0EE0: 3032   BMI +50>14
0EE2: 33     
0EE3: 34     
0EE4: 202046 JSR 4620
0EE7: 4632   LSRz 32
0EE9: 32     
0EEA: 33     
0EEB: 33     
0EEC: 202020 JSR 2020
0EEF: 202020 JSR 2020
0EF2: 202020 JSR 2020
0EF5: 202020 JSR 2020
0EF8: 202020 JSR 2020
0EFB: 202020 JSR 2020
0EFE: 202020 JSR 2020
0F01: 202020 JSR 2020
0F04: 202020 JSR 2020
0F07: 202020 JSR 2020
0F0A: 202020 JSR 2020
0F0D: 202020 JSR 2020
0F10: 202020 JSR 2020
0F13: 202020 JSR 2020
0F16: 202020 JSR 2020
0F19: 202020 JSR 2020
0F1C: 202020 JSR 2020
0F1F: 202020 JSR 2020
0F22: 202020 JSR 2020
0F25: 202020 JSR 2020
0F28: 202020 JSR 2020
0F2B: 202020 JSR 2020
0F2E: 202030 JSR 3020
0F31: 32     
0F32: 33     
0F33: 37     
0F34: 202030 JSR 3020
0F37: 32     
0F38: 4130   EORix 30
0F3A: 202020 JSR 2020
0F3D: 202020 JSR 2020
0F40: 202020 JSR 2020
0F43: 202020 JSR 2020
0F46: 202020 JSR 2020
0F49: 202020 JSR 2020
0F4C: 202020 JSR 2020
0F4F: 202020 JSR 2020
0F52: 202020 JSR 2020
0F55: 202020 JSR 2020
0F58: 202020 JSR 2020
0F5B: 202020 JSR 2020
0F5E: 202020 JSR 2020
0F61: 202020 JSR 2020
0F64: 202020 JSR 2020
0F67: 202020 JSR 2020
0F6A: 202020 JSR 2020
0F6D: 202020 JSR 2020
0F70: 202020 JSR 2020
0F73: 202020 JSR 2020
0F76: 202020 JSR 2020
0F79: 202020 JSR 2020
0F7C: 202020 JSR 2020
0F7F: 202020 JSR 2020
0F82: 202020 JSR 2020
0F85: 202020 JSR 2020
0F88: 202020 JSR 2020
0F8B: 202020 JSR 2020
0F8E: 202020 JSR 2020
0F91: 202020 JSR 2020
0F94: 202020 JSR 2020
0F97: 202020 JSR 2020
0F9A: 202020 JSR 2020
0F9D: 202020 JSR 2020
0FA0: 202020 JSR 2020
0FA3: 202020 JSR 2020
0FA6: 202036 JSR 3620
0FA9: 3036   BMI +54>E1
0FAB: 3020   BMI +32>CD
0FAD: 202020 JSR 2020
0FB0: 202020 JSR 2020
0FB3: 202020 JSR 2020
0FB6: 202020 JSR 2020
0FB9: 202020 JSR 2020
0FBC: 202020 JSR 2020
0FBF: 202020 JSR 2020
0FC2: 202020 JSR 2020
0FC5: 202020 JSR 2020
0FC8: 202020 JSR 2020
0FCB: 202020 JSR 2020
0FCE: 202020 JSR 2020
0FD1: 202020 JSR 2020
0FD4: 202020 JSR 2020
0FD7: 202020 JSR 2020
0FDA: 202020 JSR 2020
0FDD: 202020 JSR 2020
0FE0: 202020 JSR 2020
0FE3: 202020 JSR 2020
0FE6: 202020 JSR 2020
0FE9: 202020 JSR 2020
0FEC: 202020 JSR 2020
0FEF: 202020 JSR 2020
0FF2: 202020 JSR 2020
0FF5: 202020 JSR 2020
0FF8: 202020 JSR 2020
0FFB: 202020 JSR 2020
0FFE: 2020?? JSR ??20
