1000: FF     
1001: FF     
1002: FF     
1003: 22     
1004: 33     
1005: ------ bs.RestartTastatur
1005: 08     PHP
1006: 78     SEI
1007: A95D   LDAim 5D
1009: 8D641A STA 1A64 bs.irous.VIA.SR
100C: A904   LDAim 04
100E: 8D0E14 STA 140E VIA.IER
1011: A908   LDAim 08
1013: 8D0D14 STA 140D VIA.IFR
1016: A988   LDAim 88
1018: 8D0E14 STA 140E VIA.IER
101B: 28     PLP
101C: 60     RTS
101D: FF     
101E: FF     
101F: FF     
1020: 22     
1021: 33     
1022: ------ bs.IRouCB2
1022: A908   LDAim 08
1024: 8D0E14 STA 140E VIA.IER
1027: A938   LDAim 38
1029: 8D0814 STA 1408 VIA.T2CL/LL
102C: 2C0A14 BIT 140A VIA.SR
102F: A984   LDAim 84
1031: 8D0E14 STA 140E VIA.IER
1034: 60     RTS
1035: FF     
1036: FF     
1037: FF     
1038: FF     
1039: FF     
103A: FF     
103B: FF     
103C: FF     
103D: FF     
103E: FF     
103F: FF     
1040: FF     
1041: FF     
1042: FF     
1043: FF     
1044: FF     
1045: FF     
1046: FF     
1047: FF     
1048: FF     
1049: FF     
104A: FF     
104B: FF     
104C: FF     
104D: FF     
104E: FF     
104F: FF     
1050: FF     
1051: FF     
1052: FF     
1053: FF     
1054: FF     
1055: FF     
1056: FF     
1057: FF     
1058: FF     
1059: FF     
105A: FF     
105B: 22     
105C: 33     
105D: ------ bs.IRouSR.1
105D: A9D0   LDAim D0
105F: 8D0814 STA 1408 VIA.T2CL/LL
1062: AD0A14 LDA 140A VIA.SR
1065: A96E   LDAim 6E
1067: 8D641A STA 1A64 bs.irous.VIA.SR
106A: 60     RTS
106B: FF     
106C: 22     
106D: 33     
106E: ------ bs.IRouSR.2
106E: AD0A14 LDA 140A VIA.SR
1071: 857C   STAz 7C
1073: A979   LDAim 79
1075: 8D641A STA 1A64 bs.irous.VIA.SR
1078: 60     RTS
1079: ------ bs.IRouSR.3
1079: AD0A14 LDA 140A VIA.SR
107C: 857B   STAz 7B
107E: A57C   LDAz 7C
1080: 857A   STAz 7A
1082: 200510 JSR 1005 bs.RestartTastatur
1085: 8579   STAz 79
1087: 60     RTS
1088: FF     
1089: FF     
108A: FF     
108B: FF     
108C: FF     
108D: FF     
108E: 22     
108F: 33     
1090: ------ bs.IRouWait
1090: 48     PHA
1091: 8A     TXAa
1092: 48     PHA
1093: A976   LDAim 76
1095: 8DFD1A STA 1AFD CNTF
1098: 08     PHP
1099: 78     SEI
109A: E658   INCz 58 bs.aktZeitL
109C: D01E   BNE +30>BC
109E: E659   INCz 59 bs.aktZeitH
10A0: A559   LDAz 59 bs.aktZeitH
10A2: 2903   ANDim 03
10A4: D016   BNE +22>BC
10A6: 08     PHP
10A7: F8     SED
10A8: 18     CLC
10A9: A55C   LDAz 5C bs.uhrZeitL
10AB: 6901   ADCim 01
10AD: C960   CMPim 60
10AF: D008   BNE +8>B9
10B1: A55D   LDAz 5D bs.uhrZeitH
10B3: 6900   ADCim 00
10B5: 855D   STAz 5D bs.uhrZeitH
10B7: A900   LDAim 00
10B9: 855C   STAz 5C bs.uhrZeitL
10BB: 28     PLP
10BC: A657   LDXz 57 bs.topWait
10BE: F019   BEQ +25>D9
10C0: A657   LDXz 57 bs.topWait
10C2: 18     CLC
10C3: BDE803 LDAx 03E8 bs.arrZeitpL
10C6: E558   SBCz 58 bs.aktZeitL
10C8: BDF003 LDAx 03F0 bs.arrZeitpH
10CB: E559   SBCz 59 bs.aktZeitH
10CD: 100A   BPL +10>D9
10CF: BDE003 LDAx 03E0 bs.arrName
10D2: 204012 JSR 1240 bs.RWL
10D5: C657   DECz 57 bs.topWait
10D7: D0E7   BNE -25>C0
10D9: 28     PLP
10DA: 68     PLA
10DB: AA     TAX
10DC: 68     PLA
10DD: 60     RTS
10DE: FF     
10DF: FF     
10E0: FF     
10E1: FF     
10E2: FF     
10E3: FF     
10E4: FF     
10E5: FF     
10E6: FF     
10E7: FF     
10E8: FF     
10E9: FF     
10EA: FF     
10EB: FF     
10EC: FF     
10ED: FF     
10EE: FF     
10EF: FF     
10F0: FF     
10F1: FF     
10F2: FF     
10F3: FF     
10F4: FF     
10F5: FF     
10F6: FF     
10F7: FF     
10F8: FF     
10F9: FF     
10FA: FF     
10FB: FF     
10FC: FF     
10FD: FF     
10FE: FF     
10FF: FF     
1100: FF     
1101: FF     
1102: FF     
1103: FF     
1104: FF     
1105: FF     
1106: FF     
1107: FF     
1108: FF     
1109: FF     
110A: FF     
110B: FF     
110C: FF     
110D: FF     
110E: FF     
110F: FF     
1110: FF     
1111: FF     
1112: FF     
1113: FF     
1114: FF     
1115: FF     
1116: FF     
1117: FF     
1118: FF     
1119: FF     
111A: FF     
111B: FF     
111C: FF     
111D: FF     
111E: FF     
111F: FF     
1120: FF     
1121: FF     
1122: FF     
1123: FF     
1124: FF     
1125: FF     
1126: FF     
1127: FF     
1128: FF     
1129: FF     
112A: FF     
112B: FF     
112C: FF     
112D: FF     
112E: FF     
112F: FF     
1130: FF     
1131: FF     
1132: FF     
1133: FF     
1134: FF     
1135: FF     
1136: FF     
1137: FF     
1138: FF     
1139: FF     
113A: FF     
113B: FF     
113C: FF     
113D: FF     
113E: FF     
113F: FF     
1140: FF     
1141: FF     
1142: FF     
1143: FF     
1144: FF     
1145: FF     
1146: FF     
1147: FF     
1148: FF     
1149: FF     
114A: FF     
114B: FF     
114C: FF     
114D: FF     
114E: FF     
114F: FF     
1150: FF     
1151: FF     
1152: FF     
1153: FF     
1154: FF     
1155: FF     
1156: FF     
1157: FF     
1158: FF     
1159: FF     
115A: FF     
115B: FF     
115C: FF     
115D: FF     
115E: FF     
115F: FF     
1160: FF     
1161: FF     
1162: FF     
1163: FF     
1164: FF     
1165: FF     
1166: FF     
1167: FF     
1168: FF     
1169: FF     
116A: FF     
116B: FF     
116C: FF     
116D: FF     
116E: FF     
116F: FF     
1170: FF     
1171: FF     
1172: FF     
1173: FF     
1174: FF     
1175: FF     
1176: FF     
1177: FF     
1178: FF     
1179: FF     
117A: FF     
117B: FF     
117C: FF     
117D: FF     
117E: 22     
117F: 33     
1180: ------ bs.Transfer3
1180: 38     SEC
1181: A5CC   LDAz CC bs.Transfer3.bisL
1183: E5CA   SBCz CA bs.Transfer3.vonL
1185: A8     TAY
1186: A5CD   LDAz CD bs.Transfer3.bisH
1188: E5CB   SBCz CB bs.Transfer3.vonH
118A: AA     TAX
118B: B00B   BCS +11>98
118D: 60     RTS
118E: 22     
118F: 33     
1190: 4C8011 JMP 1180 bs.Transfer3
1193: FF     
1194: FF     
1195: FF     
1196: 22     
1197: 33     
1198: A5CA   LDAz CA bs.Transfer3.vonL
119A: C5CE   CMPz CE bs.Transfer3.nachL
119C: A5CB   LDAz CB bs.Transfer3.vonH
119E: E5CF   SBCz CF bs.Transfer3.nachH
11A0: B034   BCS +52>D6
11A2: 84CA   STYz CA bs.Transfer3.vonL
11A4: 38     SEC
11A5: A5CC   LDAz CC bs.Transfer3.bisL
11A7: E5CA   SBCz CA bs.Transfer3.vonL
11A9: 85CC   STAz CC bs.Transfer3.bisL
11AB: B002   BCS +2>AF
11AD: C6CD   DECz CD bs.Transfer3.bisH
11AF: 18     CLC
11B0: 8A     TXAa
11B1: 65CF   ADCz CF bs.Transfer3.nachH
11B3: 85CF   STAz CF bs.Transfer3.nachH
11B5: C8     INY
11B6: D005   BNE +5>BD
11B8: E8     INX
11B9: E6CD   INCz CD bs.Transfer3.bisH
11BB: E6CF   INCz CF bs.Transfer3.nachH
11BD: 98     TYA
11BE: F008   BEQ +8>C8
11C0: 88     DEY
11C1: B1CC   LDAiy CC bs.Transfer3.bisL
11C3: 91CE   STAiy CE bs.Transfer3.nachL
11C5: 98     TYA
11C6: D0F8   BNE -8>C0
11C8: 8A     TXAa
11C9: F008   BEQ +8>D3
11CB: CA     DEX
11CC: C6CD   DECz CD bs.Transfer3.bisH
11CE: C6CF   DECz CF bs.Transfer3.nachH
11D0: 18     CLC
11D1: 90ED   BCC -19>C0
11D3: 60     RTS
11D4: 22     
11D5: 33     
11D6: C8     INY
11D7: 84CC   STYz CC bs.Transfer3.bisL
11D9: D001   BNE +1>DC
11DB: E8     INX
11DC: 8A     TXAa
11DD: F010   BEQ +16>EF
11DF: A000   LDYim 00
11E1: B1CA   LDAiy CA bs.Transfer3.vonL
11E3: 91CE   STAiy CE bs.Transfer3.nachL
11E5: C8     INY
11E6: D0F9   BNE -7>E1
11E8: E6CB   INCz CB bs.Transfer3.vonH
11EA: E6CF   INCz CF bs.Transfer3.nachH
11EC: CA     DEX
11ED: D0F2   BNE -14>E1
11EF: A000   LDYim 00
11F1: C4CC   CPYz CC bs.Transfer3.bisL
11F3: F009   BEQ +9>FE
11F5: B1CA   LDAiy CA bs.Transfer3.vonL
11F7: 91CE   STAiy CE bs.Transfer3.nachL
11F9: C8     INY
11FA: C4CC   CPYz CC bs.Transfer3.bisL
11FC: D0F7   BNE -9>F5
11FE: 60     RTS
11FF: 33     
1200: ------ bs.RKV
1200: 858A   STAz 8A bs.ACSave
1202: A58E   LDAz 8E bs.maxTask
1204: C58F   CMPz 8F bs.aktTask
1206: F021   BEQ +33>29
1208: A58A   LDAz 8A bs.ACSave
120A: 48     PHA
120B: 8A     TXAa
120C: 48     PHA
120D: 98     TYA
120E: 48     PHA
120F: BA     TSX
1210: 8A     TXAa
1211: A48F   LDYz 8F bs.aktTask
1213: 99C803 STAy 03C8 bs.arrSP
1216: 08     PHP
1217: 78     SEI
1218: A48E   LDYz 8E bs.maxTask
121A: 848F   STYz 8F bs.aktTask
121C: 28     PLP
121D: B9C803 LDAy 03C8 bs.arrSP
1220: AA     TAX
1221: 9A     TXS
1222: 68     PLA
1223: A8     TAY
1224: 68     PLA
1225: AA     TAX
1226: 68     PLA
1227: 858A   STAz 8A bs.ACSave
1229: A58A   LDAz 8A bs.ACSave
122B: C691   DECz 91 bs.modus
122D: 40     RTI
122E: FF     
122F: FF     
1230: FF     
1231: FF     
1232: FF     
1233: FF     
1234: FF     
1235: FF     
1236: FF     
1237: FF     
1238: FF     
1239: FF     
123A: FF     
123B: FF     
123C: FF     
123D: FF     
123E: 22     
123F: 33     
1240: ------ bs.RWL
1240: 08     PHP
1241: AA     TAX
1242: A901   LDAim 01
1244: 78     SEI
1245: 9DD003 STAx 03D0 bs.arrRWL
1248: E48E   CPXz 8E bs.maxTask
124A: B002   BCS +2>4E
124C: 868E   STXz 8E bs.maxTask
124E: 4C8612 JMP 1286 bs.RKVOderNicht
1251: FF     
1252: FF     
1253: FF     
1254: FF     
1255: FF     
1256: FF     
1257: FF     
1258: FF     
1259: FF     
125A: FF     
125B: FF     
125C: FF     
125D: FF     
125E: FF     
125F: FF     
1260: FF     
1261: FF     
1262: FF     
1263: FF     
1264: FF     
1265: FF     
1266: FF     
1267: FF     
1268: 22     
1269: 33     
126A: ------ bs.NRWLSelbst
126A: A58F   LDAz 8F bs.aktTask
126C: ------ bs.NRWLAC
126C: 08     PHP
126D: AA     TAX
126E: A900   LDAim 00
1270: 9DD003 STAx 03D0 bs.arrRWL
1273: 58     CLI
1274: EA     NOP
1275: A200   LDXim 00
1277: E8     INX
1278: E490   CPXz 90 bs.grenzPrio
127A: D002   BNE +2>7E
127C: A201   LDXim 01
127E: BDD003 LDAx 03D0 bs.arrRWL
1281: F0F4   BEQ -12>77
1283: 868E   STXz 8E bs.maxTask
1285: 78     SEI
1286: ------ bs.RKVOderNicht
1286: A591   LDAz 91 bs.modus
1288: F002   BEQ +2>8C
128A: 28     PLP
128B: 60     RTS
128C: E691   INCz 91 bs.modus
128E: 28     PLP
128F: BA     TSX
1290: FE0101 INCx 0101 bs.RetAdrL
1293: D003   BNE +3>98
1295: FE0201 INCx 0102 bs.RetAdrH
1298: 08     PHP
1299: 4C0012 JMP 1200 bs.RKV
129C: FF     
129D: FF     
129E: FF     
129F: FF     
12A0: FF     
12A1: 22     
12A2: 33     
12A3: ------ bs.IRouFortsetzg
12A3: 78     SEI
12A4: C691   DECz 91 bs.modus
12A6: F001   BEQ +1>A9
12A8: 40     RTI
12A9: E691   INCz 91 bs.modus
12AB: 58     CLI
12AC: 4C0012 JMP 1200 bs.RKV
12AF: FF     
12B0: FF     
12B1: FF     
12B2: FF     
12B3: FF     
12B4: FF     
12B5: FF     
12B6: FF     
12B7: FF     
12B8: FF     
12B9: FF     
12BA: FF     
12BB: FF     
12BC: FF     
12BD: FF     
12BE: FF     
12BF: FF     
12C0: FF     
12C1: FF     
12C2: FF     
12C3: FF     
12C4: FF     
12C5: FF     
12C6: FF     
12C7: FF     
12C8: FF     
12C9: FF     
12CA: FF     
12CB: FF     
12CC: FF     
12CD: FF     
12CE: FF     
12CF: FF     
12D0: FF     
12D1: FF     
12D2: FF     
12D3: FF     
12D4: FF     
12D5: FF     
12D6: FF     
12D7: FF     
12D8: FF     
12D9: FF     
12DA: FF     
12DB: FF     
12DC: FF     
12DD: FF     
12DE: FF     
12DF: FF     
12E0: FF     
12E1: FF     
12E2: FF     
12E3: FF     
12E4: FF     
12E5: FF     
12E6: FF     
12E7: FF     
12E8: FF     
12E9: FF     
12EA: FF     
12EB: FF     
12EC: FF     
12ED: FF     
12EE: FF     
12EF: FF     
12F0: FF     
12F1: FF     
12F2: FF     
12F3: FF     
12F4: FF     
12F5: FF     
12F6: FF     
12F7: FF     
12F8: FF     
12F9: FF     
12FA: FF     
12FB: FF     
12FC: FF     
12FD: FF     
12FE: 22     
12FF: 33     
1300: ------ bs.HauptIRou
1300: E691   INCz 91 bs.modus
1302: 2C0D14 BIT 140D VIA.IFR
1305: 1046   BPL +70>4D
1307: 48     PHA
1308: A913   LDAim 13
130A: 48     PHA
130B: A944   LDAim 44
130D: 48     PHA
130E: 4C1413 JMP 1314
1311: 22     
1312: 33     
1313: 60     RTS
1314: AD0D14 LDA 140D VIA.IFR
1317: 2D0E14 AND 140E VIA.IER
131A: 0A     ASLa
131B: 3013   BMI +19>30
131D: 0A     ASLa
131E: 3013   BMI +19>33
1320: 0A     ASLa
1321: 3013   BMI +19>36
1323: 0A     ASLa
1324: 3013   BMI +19>39
1326: 0A     ASLa
1327: 3013   BMI +19>3C
1329: 0A     ASLa
132A: 3013   BMI +19>3F
132C: 0A     ASLa
132D: 3013   BMI +19>42
132F: 60     RTS
1330: 6C6C1A JMPi 1A6C bs.irous.VIA.Timer1
1333: 6C6A1A JMPi 1A6A bs.irous.VIA.Timer2
1336: 6C681A JMPi 1A68 bs.irous.VIA.CB1
1339: 6C661A JMPi 1A66 bs.irous.VIA.CB2
133C: 6C641A JMPi 1A64 bs.irous.VIA.SR
133F: 6C621A JMPi 1A62 bs.irous.VIA.CA1
1342: 6C601A JMPi 1A60 bs.irous.VIA.CA2
1345: 68     PLA
1346: 4CA312 JMP 12A3 bs.IRouFortsetzg
1349: FF     
134A: FF     
134B: 22     
134C: 33     
134D: 2CD51A BIT 1AD5 RDFLAG
1350: 3004   BMI +4>56
1352: 5020   BVC +32>74
1354: 700B   BCS +11>61
1356: 08     PHP
1357: 2CDC1A BIT 1ADC RDTEN
135A: 58     CLI
135B: 206813 JSR 1368 bs.TimerIRou
135E: 28     PLP
135F: 5004   BVC +4>65
1361: 58     CLI
1362: 206B13 JSR 136B bs.PA7IRou
1365: 4CA312 JMP 12A3 bs.IRouFortsetzg
1368: ------ bs.TimerIRou
1368: 6C761A JMPi 1A76 bs.irous.PIA.Timer
136B: ------ bs.PA7IRou
136B: 6C741A JMPi 1A74 bs.irous.PIA.PA7
136E: FF     
136F: FF     
1370: FF     
1371: FF     
1372: 22     
1373: 33     
1374: 48     PHA
1375: 2C0016 BIT 1600 floppy.??
1378: 10FB   BPL -5>75
137A: A908   LDAim 08
137C: 8D0116 STA 1601 floppy.??
137F: 68     PLA
1380: EA     NOP
1381: EA     NOP
1382: 2C0016 BIT 1600 floppy.??
1385: 10FB   BPL -5>82
1387: 5006   BVC +6>8F
1389: 2C0116 BIT 1601 floppy.??
138C: 18     CLC
138D: 90F1   BCC -15>80
138F: 4CA312 JMP 12A3 bs.IRouFortsetzg
1392: FF     
1393: FF     
1394: FF     
1395: FF     
1396: FF     
1397: FF     
1398: FF     
1399: FF     
139A: FF     
139B: FF     
139C: FF     
139D: FF     
139E: FF     
139F: FF     
13A0: FF     
13A1: FF     
13A2: FF     
13A3: FF     
13A4: FF     
13A5: FF     
13A6: FF     
13A7: FF     
13A8: FF     
13A9: FF     
13AA: FF     
13AB: FF     
13AC: FF     
13AD: FF     
13AE: FF     
13AF: FF     
13B0: FF     
13B1: FF     
13B2: FF     
13B3: FF     
13B4: FF     
13B5: FF     
13B6: FF     
13B7: FF     
13B8: FF     
13B9: FF     
13BA: FF     
13BB: FF     
13BC: FF     
13BD: FF     
13BE: FF     
13BF: FF     
13C0: FF     
13C1: FF     
13C2: FF     
13C3: FF     
13C4: FF     
13C5: FF     
13C6: FF     
13C7: FF     
13C8: FF     
13C9: FF     
13CA: FF     
13CB: FF     
13CC: FF     
13CD: FF     
13CE: FF     
13CF: FF     
13D0: FF     
13D1: FF     
13D2: FF     
13D3: FF     
13D4: FF     
13D5: FF     
13D6: FF     
13D7: FF     
13D8: FF     
13D9: FF     
13DA: FF     
13DB: FF     
13DC: FF     
13DD: FF     
13DE: FF     
13DF: FF     
13E0: FF     
13E1: FF     
13E2: FF     
13E3: FF     
13E4: FF     
13E5: FF     
13E6: FF     
13E7: FF     
13E8: FF     
13E9: FF     
13EA: FF     
13EB: FF     
13EC: FF     
13ED: FF     
13EE: FF     
13EF: FF     
13F0: FF     
13F1: FF     
13F2: FF     
13F3: FF     
13F4: FF     
13F5: FF     
13F6: FF     
13F7: FF     
13F8: FF     
13F9: FF     
13FA: FF     
13FB: FF     
13FC: FF     
13FD: FF     
13FE: 22     
13FF: 33     
